
> vulnerable-demo@0.0.0 test
> vitest run


[1m[30m[46m RUN [49m[39m[22m [36mv4.1.6 [39m[90mC:/Users/P7167529/Work/vulnerable-demo[39m

 [32mΓ£ô[39m src/__test__/dummy.test.ts [2m([22m[2m1 test[22m[2m)[22m[32m 2[2mms[22m[39m
 [31mΓ¥»[39m src/components/PostDetail.test.jsx [2m([22m[2m12 tests[22m[2m | [22m[31m12 failed[39m[2m)[22m[32m 11[2mms[22m[39m
[31m     [31m├ù[31m does not render anything when postId is null[39m[32m 4[2mms[22m[39m
[31m     [31m├ù[31m fetches and displays post details when postId is provided[39m[32m 1[2mms[22m[39m
[31m     [31m├ù[31m calls axios.get with correct URL[39m[32m 0[2mms[22m[39m
[31m     [31m├ù[31m displays loading state initially[39m[32m 0[2mms[22m[39m
[31m     [31m├ù[31m displays error message when fetch fails[39m[32m 0[2mms[22m[39m
[31m     [31m├ù[31m displays post metadata[39m[32m 0[2mms[22m[39m
[31m     [31m├ù[31m renders modal overlay[39m[32m 0[2mms[22m[39m
[31m     [31m├ù[31m renders close button[39m[32m 0[2mms[22m[39m
[31m     [31m├ù[31m calls onClose when close button is clicked[39m[32m 1[2mms[22m[39m
[31m     [31m├ù[31m calls onClose when overlay is clicked[39m[32m 0[2mms[22m[39m
[31m     [31m├ù[31m does not call onClose when post card is clicked[39m[32m 1[2mms[22m[39m
[31m     [31m├ù[31m fetches new post when postId prop changes[39m[32m 0[2mms[22m[39m
 [31mΓ¥»[39m src/components/PostsList.test.jsx [2m([22m[2m9 tests[22m[2m | [22m[31m9 failed[39m[2m)[22m[32m 10[2mms[22m[39m
[31m     [31m├ù[31m renders the component with title[39m[32m 4[2mms[22m[39m
[31m     [31m├ù[31m fetches and displays posts on mount[39m[32m 1[2mms[22m[39m
[31m     [31m├ù[31m calls axios.get with correct URL on mount[39m[32m 0[2mms[22m[39m
[31m     [31m├ù[31m displays loading state initially[39m[32m 0[2mms[22m[39m
[31m     [31m├ù[31m displays error message when fetch fails[39m[32m 1[2mms[22m[39m
[31m     [31m├ù[31m displays table with correct headers[39m[32m 0[2mms[22m[39m
[31m     [31m├ù[31m displays View Post buttons for each post[39m[32m 0[2mms[22m[39m
[31m     [31m├ù[31m disables buttons while loading[39m[32m 0[2mms[22m[39m
[31m     [31m├ù[31m displays only first 10 posts[39m[32m 1[2mms[22m[39m
node.exe : 
At line:1 char:1
+ & "C:\Program Files\nodejs/node.exe" "C:\Users\P7167529\AppData\Roami ...
+ ~~~~~~~~~~~~~~~~~~~~~~~~~~~~~~~~~~~~~~~~~~~~~~~~~~~~~~~~~~~~~~~~~~~~~
    + CategoryInfo          : NotSpecified: (:String) [], RemoteException
    + FullyQualifiedErrorId : NativeCommandError
 
[31mΓÄ»ΓÄ»ΓÄ»ΓÄ»ΓÄ»ΓÄ»[39m[1m[41m Failed Tests 21 
[49m[22m[31mΓÄ»ΓÄ»ΓÄ»ΓÄ»ΓÄ»ΓÄ»ΓÄ»[39m

[41m[1m FAIL [22m[49m src/components/PostDetail.test.jsx[2m > 
[22mPostDetail Component[2m > [22mdoes not render anything when postId is 
null
[31m[1mReferenceError[22m: document is not defined[39m
[90m [2mΓ¥»[22m Proxy.render 
node_modules/@testing-library/react/dist/pure.js:[2m256:5[22m[39m
[36m [2mΓ¥»[22m src/components/PostDetail.test.jsx:[2m22:5[22m[39m
    [90m 20|[39m
    [90m 21|[39m   [34mit[39m([32m'does not render anything when postId 
is null'[39m[33m,[39m () [33m=>[39m {
    [90m 22|[39m     [34mrender[39m([33m<[39m[33mPostDetail[39m 
[33mpostId[39m[33m=[39m[33m{[39m[35mnull[39m[33m}[39m 
[33monClose[39m[33m=[39m[33m{[39m() [33m=>[39m {}[33m}[39m 
[33m/[39m[33m>[39m)
    [90m   |[39m     [31m^[39m
    [90m 23|[39m
    [90m 24|[39m     expect(screen.queryByText('Test Post 
Title')).not.toBeInTheDocumenΓÇª

[31m[2mΓÄ»ΓÄ»ΓÄ»ΓÄ»ΓÄ»ΓÄ»ΓÄ»ΓÄ»ΓÄ»ΓÄ»ΓÄ»ΓÄ»ΓÄ»ΓÄ»ΓÄ»ΓÄ»ΓÄ»ΓÄ»ΓÄ»ΓÄ»ΓÄ»ΓÄ»ΓÄ»[
1/21]ΓÄ»[22m[39m

[41m[1m FAIL [22m[49m src/components/PostDetail.test.jsx[2m > 
[22mPostDetail Component[2m > [22mfetches and displays post details when 
postId is provided
[31m[1mReferenceError[22m: document is not defined[39m
[90m [2mΓ¥»[22m Proxy.render 
node_modules/@testing-library/react/dist/pure.js:[2m256:5[22m[39m
[36m [2mΓ¥»[22m src/components/PostDetail.test.jsx:[2m29:5[22m[39m
    [90m 27|[39m   it('fetches and displays post details when postId is 
provided', asynΓÇª
    [90m 28|[39m     
axios[33m.[39m[35mget[39m[33m.[39m[34mmockResolvedValue[39m({ 
data[33m:[39m mockPost })
    [90m 29|[39m     [34mrender[39m([33m<[39m[33mPostDetail[39m 
[33mpostId[39m[33m=[39m[33m{[39m[34m1[39m[33m}[39m 
[33monClose[39m[33m=[39m[33m{[39m() [33m=>[39m {}[33m}[39m 
[33m/[39m[33m>[39m)
    [90m   |[39m     [31m^[39m
    [90m 30|[39m
    [90m 31|[39m     [35mawait[39m [34mwaitFor[39m(() [33m=>[39m {

[31m[2mΓÄ»ΓÄ»ΓÄ»ΓÄ»ΓÄ»ΓÄ»ΓÄ»ΓÄ»ΓÄ»ΓÄ»ΓÄ»ΓÄ»ΓÄ»ΓÄ»ΓÄ»ΓÄ»ΓÄ»ΓÄ»ΓÄ»ΓÄ»ΓÄ»ΓÄ»ΓÄ»[
2/21]ΓÄ»[22m[39m

[41m[1m FAIL [22m[49m src/components/PostDetail.test.jsx[2m > 
[22mPostDetail Component[2m > [22mcalls axios.get with correct URL
[31m[1mReferenceError[22m: document is not defined[39m
[90m [2mΓ¥»[22m Proxy.render 
node_modules/@testing-library/react/dist/pure.js:[2m256:5[22m[39m
[36m [2mΓ¥»[22m src/components/PostDetail.test.jsx:[2m39:5[22m[39m
    [90m 37|[39m   [34mit[39m([32m'calls axios.get with correct 
URL'[39m[33m,[39m [35masync[39m () [33m=>[39m {
    [90m 38|[39m     
axios[33m.[39m[35mget[39m[33m.[39m[34mmockResolvedValue[39m({ 
data[33m:[39m mockPost })
    [90m 39|[39m     [34mrender[39m([33m<[39m[33mPostDetail[39m 
[33mpostId[39m[33m=[39m[33m{[39m[34m1[39m[33m}[39m 
[33monClose[39m[33m=[39m[33m{[39m() [33m=>[39m {}[33m}[39m 
[33m/[39m[33m>[39m)
    [90m   |[39m     [31m^[39m
    [90m 40|[39m
    [90m 41|[39m     [35mawait[39m [34mwaitFor[39m(() [33m=>[39m {

[31m[2mΓÄ»ΓÄ»ΓÄ»ΓÄ»ΓÄ»ΓÄ»ΓÄ»ΓÄ»ΓÄ»ΓÄ»ΓÄ»ΓÄ»ΓÄ»ΓÄ»ΓÄ»ΓÄ»ΓÄ»ΓÄ»ΓÄ»ΓÄ»ΓÄ»ΓÄ»ΓÄ»[
3/21]ΓÄ»[22m[39m

[41m[1m FAIL [22m[49m src/components/PostDetail.test.jsx[2m > 
[22mPostDetail Component[2m > [22mdisplays loading state initially
[31m[1mReferenceError[22m: document is not defined[39m
[90m [2mΓ¥»[22m Proxy.render 
node_modules/@testing-library/react/dist/pure.js:[2m256:5[22m[39m
[36m [2mΓ¥»[22m src/components/PostDetail.test.jsx:[2m52:5[22m[39m
    [90m 50|[39m       () [33m=>[39m [35mnew[39m [33mPromise[39m(() 
[33m=>[39m {}) [90m// Never resolves[39m
    [90m 51|[39m     )
    [90m 52|[39m     [34mrender[39m([33m<[39m[33mPostDetail[39m 
[33mpostId[39m[33m=[39m[33m{[39m[34m1[39m[33m}[39m 
[33monClose[39m[33m=[39m[33m{[39m() [33m=>[39m {}[33m}[39m 
[33m/[39m[33m>[39m)
    [90m   |[39m     [31m^[39m
    [90m 53|[39m
    [90m 54|[39m     [34mexpect[39m(screen[33m.[39m[34mgetByText[39m([
32m'Loading...'[39m))[33m.[39m[34mtoBeInTheDocument[39m()

[31m[2mΓÄ»ΓÄ»ΓÄ»ΓÄ»ΓÄ»ΓÄ»ΓÄ»ΓÄ»ΓÄ»ΓÄ»ΓÄ»ΓÄ»ΓÄ»ΓÄ»ΓÄ»ΓÄ»ΓÄ»ΓÄ»ΓÄ»ΓÄ»ΓÄ»ΓÄ»ΓÄ»[
4/21]ΓÄ»[22m[39m

[41m[1m FAIL [22m[49m src/components/PostDetail.test.jsx[2m > 
[22mPostDetail Component[2m > [22mdisplays error message when fetch fails
[31m[1mReferenceError[22m: document is not defined[39m
[90m [2mΓ¥»[22m Proxy.render 
node_modules/@testing-library/react/dist/pure.js:[2m256:5[22m[39m
[36m [2mΓ¥»[22m src/components/PostDetail.test.jsx:[2m59:5[22m[39m
    [90m 57|[39m   [34mit[39m([32m'displays error message when fetch 
fails'[39m[33m,[39m [35masync[39m () [33m=>[39m {
    [90m 58|[39m     axios[33m.[39m[35mget[39m[33m.[39m[34mmockRejecte
dValue[39m([35mnew[39m [33mError[39m([32m'Network error'[39m))
    [90m 59|[39m     [34mrender[39m([33m<[39m[33mPostDetail[39m 
[33mpostId[39m[33m=[39m[33m{[39m[34m1[39m[33m}[39m 
[33monClose[39m[33m=[39m[33m{[39m() [33m=>[39m {}[33m}[39m 
[33m/[39m[33m>[39m)
    [90m   |[39m     [31m^[39m
    [90m 60|[39m
    [90m 61|[39m     [35mawait[39m [34mwaitFor[39m(() [33m=>[39m {

[31m[2mΓÄ»ΓÄ»ΓÄ»ΓÄ»ΓÄ»ΓÄ»ΓÄ»ΓÄ»ΓÄ»ΓÄ»ΓÄ»ΓÄ»ΓÄ»ΓÄ»ΓÄ»ΓÄ»ΓÄ»ΓÄ»ΓÄ»ΓÄ»ΓÄ»ΓÄ»ΓÄ»[
5/21]ΓÄ»[22m[39m

[41m[1m FAIL [22m[49m src/components/PostDetail.test.jsx[2m > 
[22mPostDetail Component[2m > [22mdisplays post metadata
[31m[1mReferenceError[22m: document is not defined[39m
[90m [2mΓ¥»[22m Proxy.render 
node_modules/@testing-library/react/dist/pure.js:[2m256:5[22m[39m
[36m [2mΓ¥»[22m src/components/PostDetail.test.jsx:[2m68:5[22m[39m
    [90m 66|[39m   [34mit[39m([32m'displays post 
metadata'[39m[33m,[39m [35masync[39m () [33m=>[39m {
    [90m 67|[39m     
axios[33m.[39m[35mget[39m[33m.[39m[34mmockResolvedValue[39m({ 
data[33m:[39m mockPost })
    [90m 68|[39m     [34mrender[39m([33m<[39m[33mPostDetail[39m 
[33mpostId[39m[33m=[39m[33m{[39m[34m1[39m[33m}[39m 
[33monClose[39m[33m=[39m[33m{[39m() [33m=>[39m {}[33m}[39m 
[33m/[39m[33m>[39m)
    [90m   |[39m     [31m^[39m
    [90m 69|[39m
    [90m 70|[39m     [35mawait[39m [34mwaitFor[39m(() [33m=>[39m {

[31m[2mΓÄ»ΓÄ»ΓÄ»ΓÄ»ΓÄ»ΓÄ»ΓÄ»ΓÄ»ΓÄ»ΓÄ»ΓÄ»ΓÄ»ΓÄ»ΓÄ»ΓÄ»ΓÄ»ΓÄ»ΓÄ»ΓÄ»ΓÄ»ΓÄ»ΓÄ»ΓÄ»[
6/21]ΓÄ»[22m[39m

[41m[1m FAIL [22m[49m src/components/PostDetail.test.jsx[2m > 
[22mPostDetail Component[2m > [22mrenders modal overlay
[31m[1mReferenceError[22m: document is not defined[39m
[90m [2mΓ¥»[22m Proxy.render 
node_modules/@testing-library/react/dist/pure.js:[2m256:5[22m[39m
[36m [2mΓ¥»[22m src/components/PostDetail.test.jsx:[2m78:27[22m[39m
    [90m 76|[39m   [34mit[39m([32m'renders modal overlay'[39m[33m,[39m 
[35masync[39m () [33m=>[39m {
    [90m 77|[39m     
axios[33m.[39m[35mget[39m[33m.[39m[34mmockResolvedValue[39m({ 
data[33m:[39m mockPost })
    [90m 78|[39m     const { container } = render(<PostDetail postId={1} 
onClose={() =>ΓÇª
    [90m   |[39m                           [31m^[39m
    [90m 79|[39m
    [90m 80|[39m     [35mawait[39m [34mwaitFor[39m(() [33m=>[39m {

[31m[2mΓÄ»ΓÄ»ΓÄ»ΓÄ»ΓÄ»ΓÄ»ΓÄ»ΓÄ»ΓÄ»ΓÄ»ΓÄ»ΓÄ»ΓÄ»ΓÄ»ΓÄ»ΓÄ»ΓÄ»ΓÄ»ΓÄ»ΓÄ»ΓÄ»ΓÄ»ΓÄ»[
7/21]ΓÄ»[22m[39m

[41m[1m FAIL [22m[49m src/components/PostDetail.test.jsx[2m > 
[22mPostDetail Component[2m > [22mrenders close button
[31m[1mReferenceError[22m: document is not defined[39m
[90m [2mΓ¥»[22m Proxy.render 
node_modules/@testing-library/react/dist/pure.js:[2m256:5[22m[39m
[36m [2mΓ¥»[22m src/components/PostDetail.test.jsx:[2m88:5[22m[39m
    [90m 86|[39m   [34mit[39m([32m'renders close button'[39m[33m,[39m 
[35masync[39m () [33m=>[39m {
    [90m 87|[39m     
axios[33m.[39m[35mget[39m[33m.[39m[34mmockResolvedValue[39m({ 
data[33m:[39m mockPost })
    [90m 88|[39m     [34mrender[39m([33m<[39m[33mPostDetail[39m 
[33mpostId[39m[33m=[39m[33m{[39m[34m1[39m[33m}[39m 
[33monClose[39m[33m=[39m[33m{[39m() [33m=>[39m {}[33m}[39m 
[33m/[39m[33m>[39m)
    [90m   |[39m     [31m^[39m
    [90m 89|[39m
    [90m 90|[39m     [35mconst[39m closeButton [33m=[39m 
screen[33m.[39m[34mgetByRole[39m([32m'button'[39m)

[31m[2mΓÄ»ΓÄ»ΓÄ»ΓÄ»ΓÄ»ΓÄ»ΓÄ»ΓÄ»ΓÄ»ΓÄ»ΓÄ»ΓÄ»ΓÄ»ΓÄ»ΓÄ»ΓÄ»ΓÄ»ΓÄ»ΓÄ»ΓÄ»ΓÄ»ΓÄ»ΓÄ»[
8/21]ΓÄ»[22m[39m

[41m[1m FAIL [22m[49m src/components/PostDetail.test.jsx[2m > 
[22mPostDetail Component[2m > [22mcalls onClose when close button is clicked
[31m[1mReferenceError[22m: document is not defined[39m
[90m [2mΓ¥»[22m Proxy.render 
node_modules/@testing-library/react/dist/pure.js:[2m256:5[22m[39m
[36m [2mΓ¥»[22m src/components/PostDetail.test.jsx:[2m98:5[22m[39m
    [90m 96|[39m     
axios[33m.[39m[35mget[39m[33m.[39m[34mmockResolvedValue[39m({ 
data[33m:[39m mockPost })
    [90m 97|[39m     [35mconst[39m onClose [33m=[39m 
vi[33m.[39m[34mfn[39m()
    [90m 98|[39m     [34mrender[39m([33m<[39m[33mPostDetail[39m 
[33mpostId[39m[33m=[39m[33m{[39m[34m1[39m[33m}[39m 
[33monClose[39m[33m=[39m[33m{[39monClose[33m}[39m 
[33m/[39m[33m>[39m)
    [90m   |[39m     [31m^[39m
    [90m 99|[39m
    [90m100|[39m     [35mawait[39m [34mwaitFor[39m(() [33m=>[39m {

[31m[2mΓÄ»ΓÄ»ΓÄ»ΓÄ»ΓÄ»ΓÄ»ΓÄ»ΓÄ»ΓÄ»ΓÄ»ΓÄ»ΓÄ»ΓÄ»ΓÄ»ΓÄ»ΓÄ»ΓÄ»ΓÄ»ΓÄ»ΓÄ»ΓÄ»ΓÄ»ΓÄ»[
9/21]ΓÄ»[22m[39m

[41m[1m FAIL [22m[49m src/components/PostDetail.test.jsx[2m > 
[22mPostDetail Component[2m > [22mcalls onClose when overlay is clicked
[31m[1mReferenceError[22m: document is not defined[39m
[90m [2mΓ¥»[22m Proxy.render 
node_modules/@testing-library/react/dist/pure.js:[2m256:5[22m[39m
[36m [2mΓ¥»[22m src/components/PostDetail.test.jsx:[2m113:27[22m[39m
    [90m111|[39m     
axios[33m.[39m[35mget[39m[33m.[39m[34mmockResolvedValue[39m({ 
data[33m:[39m mockPost })
    [90m112|[39m     [35mconst[39m onClose [33m=[39m 
vi[33m.[39m[34mfn[39m()
    [90m113|[39m     const { container } = render(<PostDetail postId={1} 
onClose={onCloΓÇª
    [90m   |[39m                           [31m^[39m
    [90m114|[39m
    [90m115|[39m     [35mawait[39m [34mwaitFor[39m(() [33m=>[39m {

[31m[2mΓÄ»ΓÄ»ΓÄ»ΓÄ»ΓÄ»ΓÄ»ΓÄ»ΓÄ»ΓÄ»ΓÄ»ΓÄ»ΓÄ»ΓÄ»ΓÄ»ΓÄ»ΓÄ»ΓÄ»ΓÄ»ΓÄ»ΓÄ»ΓÄ»ΓÄ»[10/
21]ΓÄ»[22m[39m

[41m[1m FAIL [22m[49m src/components/PostDetail.test.jsx[2m > 
[22mPostDetail Component[2m > [22mdoes not call onClose when post card is 
clicked
[31m[1mReferenceError[22m: document is not defined[39m
[90m [2mΓ¥»[22m Proxy.render 
node_modules/@testing-library/react/dist/pure.js:[2m256:5[22m[39m
[36m [2mΓ¥»[22m src/components/PostDetail.test.jsx:[2m128:27[22m[39m
    [90m126|[39m     
axios[33m.[39m[35mget[39m[33m.[39m[34mmockResolvedValue[39m({ 
data[33m:[39m mockPost })
    [90m127|[39m     [35mconst[39m onClose [33m=[39m 
vi[33m.[39m[34mfn[39m()
    [90m128|[39m     const { container } = render(<PostDetail postId={1} 
onClose={onCloΓÇª
    [90m   |[39m                           [31m^[39m
    [90m129|[39m
    [90m130|[39m     [35mawait[39m [34mwaitFor[39m(() [33m=>[39m {

[31m[2mΓÄ»ΓÄ»ΓÄ»ΓÄ»ΓÄ»ΓÄ»ΓÄ»ΓÄ»ΓÄ»ΓÄ»ΓÄ»ΓÄ»ΓÄ»ΓÄ»ΓÄ»ΓÄ»ΓÄ»ΓÄ»ΓÄ»ΓÄ»ΓÄ»ΓÄ»[11/
21]ΓÄ»[22m[39m

[41m[1m FAIL [22m[49m src/components/PostDetail.test.jsx[2m > 
[22mPostDetail Component[2m > [22mfetches new post when postId prop changes
[31m[1mReferenceError[22m: document is not defined[39m
[90m [2mΓ¥»[22m Proxy.render 
node_modules/@testing-library/react/dist/pure.js:[2m256:5[22m[39m
[36m [2mΓ¥»[22m src/components/PostDetail.test.jsx:[2m142:26[22m[39m
    [90m140|[39m   [34mit[39m([32m'fetches new post when postId prop 
changes'[39m[33m,[39m [35masync[39m () [33m=>[39m {
    [90m141|[39m     
axios[33m.[39m[35mget[39m[33m.[39m[34mmockResolvedValue[39m({ 
data[33m:[39m mockPost })
    [90m142|[39m     const { rerender } = render(<PostDetail postId={1} 
onClose={() => ΓÇª
    [90m   |[39m                          [31m^[39m
    [90m143|[39m
    [90m144|[39m     [35mawait[39m [34mwaitFor[39m(() [33m=>[39m {

[31m[2mΓÄ»ΓÄ»ΓÄ»ΓÄ»ΓÄ»ΓÄ»ΓÄ»ΓÄ»ΓÄ»ΓÄ»ΓÄ»ΓÄ»ΓÄ»ΓÄ»ΓÄ»ΓÄ»ΓÄ»ΓÄ»ΓÄ»ΓÄ»ΓÄ»ΓÄ»[12/
21]ΓÄ»[22m[39m

[41m[1m FAIL [22m[49m src/components/PostsList.test.jsx[2m > 
[22mPostsList Component[2m > [22mrenders the component with title
[31m[1mReferenceError[22m: document is not defined[39m
[90m [2mΓ¥»[22m Proxy.render 
node_modules/@testing-library/react/dist/pure.js:[2m256:5[22m[39m
[36m [2mΓ¥»[22m src/components/PostsList.test.jsx:[2m37:5[22m[39m
    [90m 35|[39m   [34mit[39m([32m'renders the component with 
title'[39m[33m,[39m [35masync[39m () [33m=>[39m {
    [90m 36|[39m     
axios[33m.[39m[35mget[39m[33m.[39m[34mmockResolvedValue[39m({ 
data[33m:[39m mockPosts })
    [90m 37|[39m     [34mrender[39m([33m<[39m[33mPostsList[39m 
[33m/[39m[33m>[39m)
    [90m   |[39m     [31m^[39m
    [90m 38|[39m
    [90m 39|[39m     
[34mexpect[39m(screen[33m.[39m[34mgetByText[39m([32m'Posts 
List'[39m))[33m.[39m[34mtoBeInTheDocument[39m()

[31m[2mΓÄ»ΓÄ»ΓÄ»ΓÄ»ΓÄ»ΓÄ»ΓÄ»ΓÄ»ΓÄ»ΓÄ»ΓÄ»ΓÄ»ΓÄ»ΓÄ»ΓÄ»ΓÄ»ΓÄ»ΓÄ»ΓÄ»ΓÄ»ΓÄ»ΓÄ»[13/
21]ΓÄ»[22m[39m

[41m[1m FAIL [22m[49m src/components/PostsList.test.jsx[2m > 
[22mPostsList Component[2m > [22mfetches and displays posts on mount
[31m[1mReferenceError[22m: document is not defined[39m
[90m [2mΓ¥»[22m Proxy.render 
node_modules/@testing-library/react/dist/pure.js:[2m256:5[22m[39m
[36m [2mΓ¥»[22m src/components/PostsList.test.jsx:[2m44:5[22m[39m
    [90m 42|[39m   [34mit[39m([32m'fetches and displays posts on 
mount'[39m[33m,[39m [35masync[39m () [33m=>[39m {
    [90m 43|[39m     
axios[33m.[39m[35mget[39m[33m.[39m[34mmockResolvedValue[39m({ 
data[33m:[39m mockPosts })
    [90m 44|[39m     [34mrender[39m([33m<[39m[33mPostsList[39m 
[33m/[39m[33m>[39m)
    [90m   |[39m     [31m^[39m
    [90m 45|[39m
    [90m 46|[39m     [35mawait[39m [34mwaitFor[39m(() [33m=>[39m {

[31m[2mΓÄ»ΓÄ»ΓÄ»ΓÄ»ΓÄ»ΓÄ»ΓÄ»ΓÄ»ΓÄ»ΓÄ»ΓÄ»ΓÄ»ΓÄ»ΓÄ»ΓÄ»ΓÄ»ΓÄ»ΓÄ»ΓÄ»ΓÄ»ΓÄ»ΓÄ»[14/
21]ΓÄ»[22m[39m

[41m[1m FAIL [22m[49m src/components/PostsList.test.jsx[2m > 
[22mPostsList Component[2m > [22mcalls axios.get with correct URL on mount
[31m[1mReferenceError[22m: document is not defined[39m
[90m [2mΓ¥»[22m Proxy.render 
node_modules/@testing-library/react/dist/pure.js:[2m256:5[22m[39m
[36m [2mΓ¥»[22m src/components/PostsList.test.jsx:[2m55:5[22m[39m
    [90m 53|[39m   [34mit[39m([32m'calls axios.get with correct URL on 
mount'[39m[33m,[39m [35masync[39m () [33m=>[39m {
    [90m 54|[39m     
axios[33m.[39m[35mget[39m[33m.[39m[34mmockResolvedValue[39m({ 
data[33m:[39m mockPosts })
    [90m 55|[39m     [34mrender[39m([33m<[39m[33mPostsList[39m 
[33m/[39m[33m>[39m)
    [90m   |[39m     [31m^[39m
    [90m 56|[39m
    [90m 57|[39m     [35mawait[39m [34mwaitFor[39m(() [33m=>[39m {

[31m[2mΓÄ»ΓÄ»ΓÄ»ΓÄ»ΓÄ»ΓÄ»ΓÄ»ΓÄ»ΓÄ»ΓÄ»ΓÄ»ΓÄ»ΓÄ»ΓÄ»ΓÄ»ΓÄ»ΓÄ»ΓÄ»ΓÄ»ΓÄ»ΓÄ»ΓÄ»[15/
21]ΓÄ»[22m[39m

[41m[1m FAIL [22m[49m src/components/PostsList.test.jsx[2m > 
[22mPostsList Component[2m > [22mdisplays loading state initially
[31m[1mReferenceError[22m: document is not defined[39m
[90m [2mΓ¥»[22m Proxy.render 
node_modules/@testing-library/react/dist/pure.js:[2m256:5[22m[39m
[36m [2mΓ¥»[22m src/components/PostsList.test.jsx:[2m68:5[22m[39m
    [90m 66|[39m       () [33m=>[39m [35mnew[39m [33mPromise[39m(() 
[33m=>[39m {}) [90m// Never resolves[39m
    [90m 67|[39m     )
    [90m 68|[39m     [34mrender[39m([33m<[39m[33mPostsList[39m 
[33m/[39m[33m>[39m)
    [90m   |[39m     [31m^[39m
    [90m 69|[39m
    [90m 70|[39m     [34mexpect[39m(screen[33m.[39m[34mgetByText[39m([
32m'Loading...'[39m))[33m.[39m[34mtoBeInTheDocument[39m()

[31m[2mΓÄ»ΓÄ»ΓÄ»ΓÄ»ΓÄ»ΓÄ»ΓÄ»ΓÄ»ΓÄ»ΓÄ»ΓÄ»ΓÄ»ΓÄ»ΓÄ»ΓÄ»ΓÄ»ΓÄ»ΓÄ»ΓÄ»ΓÄ»ΓÄ»ΓÄ»[16/
21]ΓÄ»[22m[39m

[41m[1m FAIL [22m[49m src/components/PostsList.test.jsx[2m > 
[22mPostsList Component[2m > [22mdisplays error message when fetch fails
[31m[1mReferenceError[22m: document is not defined[39m
[90m [2mΓ¥»[22m Proxy.render 
node_modules/@testing-library/react/dist/pure.js:[2m256:5[22m[39m
[36m [2mΓ¥»[22m src/components/PostsList.test.jsx:[2m75:5[22m[39m
    [90m 73|[39m   [34mit[39m([32m'displays error message when fetch 
fails'[39m[33m,[39m [35masync[39m () [33m=>[39m {
    [90m 74|[39m     axios[33m.[39m[35mget[39m[33m.[39m[34mmockRejecte
dValue[39m([35mnew[39m [33mError[39m([32m'Network error'[39m))
    [90m 75|[39m     [34mrender[39m([33m<[39m[33mPostsList[39m 
[33m/[39m[33m>[39m)
    [90m   |[39m     [31m^[39m
    [90m 76|[39m
    [90m 77|[39m     [35mawait[39m [34mwaitFor[39m(() [33m=>[39m {

[31m[2mΓÄ»ΓÄ»ΓÄ»ΓÄ»ΓÄ»ΓÄ»ΓÄ»ΓÄ»ΓÄ»ΓÄ»ΓÄ»ΓÄ»ΓÄ»ΓÄ»ΓÄ»ΓÄ»ΓÄ»ΓÄ»ΓÄ»ΓÄ»ΓÄ»ΓÄ»[17/
21]ΓÄ»[22m[39m

[41m[1m FAIL [22m[49m src/components/PostsList.test.jsx[2m > 
[22mPostsList Component[2m > [22mdisplays table with correct headers
[31m[1mReferenceError[22m: document is not defined[39m
[90m [2mΓ¥»[22m Proxy.render 
node_modules/@testing-library/react/dist/pure.js:[2m256:5[22m[39m
[36m [2mΓ¥»[22m src/components/PostsList.test.jsx:[2m84:5[22m[39m
    [90m 82|[39m   [34mit[39m([32m'displays table with correct 
headers'[39m[33m,[39m [35masync[39m () [33m=>[39m {
    [90m 83|[39m     
axios[33m.[39m[35mget[39m[33m.[39m[34mmockResolvedValue[39m({ 
data[33m:[39m mockPosts })
    [90m 84|[39m     [34mrender[39m([33m<[39m[33mPostsList[39m 
[33m/[39m[33m>[39m)
    [90m   |[39m     [31m^[39m
    [90m 85|[39m
    [90m 86|[39m     [35mawait[39m [34mwaitFor[39m(() [33m=>[39m {

[31m[2mΓÄ»ΓÄ»ΓÄ»ΓÄ»ΓÄ»ΓÄ»ΓÄ»ΓÄ»ΓÄ»ΓÄ»ΓÄ»ΓÄ»ΓÄ»ΓÄ»ΓÄ»ΓÄ»ΓÄ»ΓÄ»ΓÄ»ΓÄ»ΓÄ»ΓÄ»[18/
21]ΓÄ»[22m[39m

[41m[1m FAIL [22m[49m src/components/PostsList.test.jsx[2m > 
[22mPostsList Component[2m > [22mdisplays View Post buttons for each post
[31m[1mReferenceError[22m: document is not defined[39m
[90m [2mΓ¥»[22m Proxy.render 
node_modules/@testing-library/react/dist/pure.js:[2m256:5[22m[39m
[36m [2mΓ¥»[22m src/components/PostsList.test.jsx:[2m96:5[22m[39m
    [90m 94|[39m   [34mit[39m([32m'displays View Post buttons for each 
post'[39m[33m,[39m [35masync[39m () [33m=>[39m {

[2m Test Files [22m [1m[31m2 failed[39m[22m[2m | [22m[1m[32m1 passed[39m[22m[90m (3)[39m
[2m      Tests [22m [1m[31m21 failed[39m[22m[2m | [22m[1m[32m1 passed[39m[22m[90m (22)[39m
[2m   Start at [22m 22:45:34
[2m   Duration [22m 1.20s[2m (transform 196ms, setup 0ms, import 1.50s, tests 23ms, environment 0ms)[22m

    [90m 95|[39m     
axios[33m.[39m[35mget[39m[33m.[39m[34mmockResolvedValue[39m({ 
data[33m:[39m mockPosts })
    [90m 96|[39m     [34mrender[39m([33m<[39m[33mPostsList[39m 
[33m/[39m[33m>[39m)
    [90m   |[39m     [31m^[39m
    [90m 97|[39m
    [90m 98|[39m     [35mawait[39m [34mwaitFor[39m(() [33m=>[39m {

[31m[2mΓÄ»ΓÄ»ΓÄ»ΓÄ»ΓÄ»ΓÄ»ΓÄ»ΓÄ»ΓÄ»ΓÄ»ΓÄ»ΓÄ»ΓÄ»ΓÄ»ΓÄ»ΓÄ»ΓÄ»ΓÄ»ΓÄ»ΓÄ»ΓÄ»ΓÄ»[19/
21]ΓÄ»[22m[39m

[41m[1m FAIL [22m[49m src/components/PostsList.test.jsx[2m > 
[22mPostsList Component[2m > [22mdisables buttons while loading
[31m[1mReferenceError[22m: document is not defined[39m
[90m [2mΓ¥»[22m Proxy.render 
node_modules/@testing-library/react/dist/pure.js:[2m256:5[22m[39m
[36m [2mΓ¥»[22m src/components/PostsList.test.jsx:[2m106:26[22m[39m
    [90m104|[39m   [34mit[39m([32m'disables buttons while 
loading'[39m[33m,[39m [35masync[39m () [33m=>[39m {
    [90m105|[39m     
axios[33m.[39m[35mget[39m[33m.[39m[34mmockResolvedValue[39m({ 
data[33m:[39m mockPosts })
    [90m106|[39m     [35mconst[39m { rerender } [33m=[39m 
[34mrender[39m([33m<[39m[33mPostsList[39m [33m/[39m[33m>[39m)
    [90m   |[39m                          [31m^[39m
    [90m107|[39m
    [90m108|[39m     [35mawait[39m [34mwaitFor[39m(() [33m=>[39m {

[31m[2mΓÄ»ΓÄ»ΓÄ»ΓÄ»ΓÄ»ΓÄ»ΓÄ»ΓÄ»ΓÄ»ΓÄ»ΓÄ»ΓÄ»ΓÄ»ΓÄ»ΓÄ»ΓÄ»ΓÄ»ΓÄ»ΓÄ»ΓÄ»ΓÄ»ΓÄ»[20/
21]ΓÄ»[22m[39m

[41m[1m FAIL [22m[49m src/components/PostsList.test.jsx[2m > 
[22mPostsList Component[2m > [22mdisplays only first 10 posts
[31m[1mReferenceError[22m: document is not defined[39m
[90m [2mΓ¥»[22m Proxy.render 
node_modules/@testing-library/react/dist/pure.js:[2m256:5[22m[39m
[36m [2mΓ¥»[22m src/components/PostsList.test.jsx:[2m128:5[22m[39m
    [90m126|[39m
    [90m127|[39m     
axios[33m.[39m[35mget[39m[33m.[39m[34mmockResolvedValue[39m({ 
data[33m:[39m manyPosts })
    [90m128|[39m     [34mrender[39m([33m<[39m[33mPostsList[39m 
[33m/[39m[33m>[39m)
    [90m   |[39m     [31m^[39m
    [90m129|[39m
    [90m130|[39m     [35mawait[39m [34mwaitFor[39m(() [33m=>[39m {

[31m[2mΓÄ»ΓÄ»ΓÄ»ΓÄ»ΓÄ»ΓÄ»ΓÄ»ΓÄ»ΓÄ»ΓÄ»ΓÄ»ΓÄ»ΓÄ»ΓÄ»ΓÄ»ΓÄ»ΓÄ»ΓÄ»ΓÄ»ΓÄ»ΓÄ»ΓÄ»[21/
21]ΓÄ»[22m[39m

